23:28:58 **** Incremental Build of configuration Debug for project lab5 ****
make -j16 all 
arm-none-eabi-gcc "../Core/Src/command_parser_fsm.c" -mcpu=cortex-m3 -std=gnu11 -g3 -DDEBUG -DUSE_HAL_DRIVER -DSTM32F103x6 -c -I../Core/Inc -I../Drivers/STM32F1xx_HAL_Driver/Inc -I../Drivers/STM32F1xx_HAL_Driver/Inc/Legacy -I../Drivers/CMSIS/Device/ST/STM32F1xx/Include -I../Drivers/CMSIS/Include -O0 -ffunction-sections -fdata-sections -Wall -fstack-usage -MMD -MP -MF"Core/Src/command_parser_fsm.d" -MT"Core/Src/command_parser_fsm.o" --specs=nano.specs -mfloat-abi=soft -mthumb -o "Core/Src/command_parser_fsm.o"
arm-none-eabi-gcc -o "lab5.elf" @"objects.list"   -mcpu=cortex-m3 -T"C:\Users\ADMIN\Desktop\GIT_LAB5\lab5\STM32F103C6UX_FLASH.ld" --specs=nosys.specs -Wl,-Map="lab5.map" -Wl,--gc-sections -static --specs=nano.specs -mfloat-abi=soft -mthumb -Wl,--start-group -lc -lm -Wl,--end-group
Finished building target: lab5.elf
 
arm-none-eabi-size   lab5.elf 
arm-none-eabi-objdump -h -S  lab5.elf  > "lab5.list"
arm-none-eabi-objcopy  -O ihex  lab5.elf  "lab5.hex"
   text	   data	    bss	    dec	    hex	filename
  17164	    120	   1952	  19236	   4b24	lab5.elf
arm-none-eabi-objcopy  -O binary  lab5.elf  "lab5.bin"
Finished building: default.size.stdout
 
Finished building: lab5.hex
Finished building: lab5.bin
 
 
Finished building: lab5.list
 
